------------------------------------------------------------
Timing Analyzer Summary
------------------------------------------------------------

Type  : Slow 1100mV 85C Model Setup 'clk'
Slack : 12.308
TNS   : 0.000

Type  : Slow 1100mV 85C Model Hold 'clk'
Slack : 0.390
TNS   : 0.000

Type  : Slow 1100mV 85C Model Minimum Pulse Width 'clk'
Slack : 9.229
TNS   : 0.000

Type  : Slow 1100mV 0C Model Setup 'clk'
Slack : 12.300
TNS   : 0.000

Type  : Slow 1100mV 0C Model Hold 'clk'
Slack : 0.406
TNS   : 0.000

Type  : Slow 1100mV 0C Model Minimum Pulse Width 'clk'
Slack : 9.249
TNS   : 0.000

Type  : Fast 1100mV 85C Model Setup 'clk'
Slack : 15.517
TNS   : 0.000

Type  : Fast 1100mV 85C Model Hold 'clk'
Slack : 0.189
TNS   : 0.000

Type  : Fast 1100mV 85C Model Minimum Pulse Width 'clk'
Slack : 9.184
TNS   : 0.000

Type  : Fast 1100mV 0C Model Setup 'clk'
Slack : 15.686
TNS   : 0.000

Type  : Fast 1100mV 0C Model Hold 'clk'
Slack : 0.179
TNS   : 0.000

Type  : Fast 1100mV 0C Model Minimum Pulse Width 'clk'
Slack : 9.194
TNS   : 0.000

------------------------------------------------------------
